# Readiness Dashboard — 2026-07-13

## Fill honesty (model vs market)
- today: SPY/vol 0.460, IWM/vol 0.587
- trailing avg ratio: **0.523** over 2 readings  *(n=2 — not yet meaningful)*

## Real fills
- fills to date: **1** (go-live gate: 5–10) — 20260713_SPY_f829
- unresolved orphans: 0 ✅

## Live book (vol_wide: XSP + IWM) — model credits
- days tracked: 3 | cumulative: **$2,730.68** | avg/day: $910.23  *(n=3 — not yet meaningful)*
- green days: 3/3 | worst day: $281.98 | best: $1,664.42
- XSP: avg credit captured 54% | max wing usage 38% | max-loss days 0
- IWM: avg credit captured 44% | max wing usage 34% | max-loss days 0

## Variant race (per $ risked, settled rows)
- vol: $7,578.16 over 16 rows | per-$ 0.606  *(n=16 — not yet meaningful)*
- vol_wide: $4,282.88 over 9 rows | per-$ 0.372  *(n=9 — not yet meaningful)*
- wingsweep: $12,706.39 over 54 rows | per-$ 0.318
- base: $11,065.48 over 22 rows | per-$ —  *(n=22 — not yet meaningful)*
- condor: $3,569.90 over 19 rows | per-$ —  *(n=19 — not yet meaningful)*
- vol_1d: $6,231.68 over 8 rows | per-$ —  *(n=8 — not yet meaningful)*

## Intraday path (real marks, today)

## Directional book *(decision-grade marks — see rebuild spec)*
- today: 9 exits, -$1,197.00 | reasons: {"trail":4,"timestop":5}

## Promotion checklist (go-live gates)
- ⬜ 30+ tracked days on live-book config (3/30)
- ⬜ 5+ real fills for ratio sample (1/5)
- ⬜ 5+ honesty-ratio readings (2/5)
- ⬜ trailing honesty ratio ≥ 0.75
- ✅ zero unresolved orphans
- ⬜ kill-criteria document written (manual check)
- ⬜ live second-username architecture set up (manual check)

---
*Sharpe/Kelly deliberately omitted until N≥30. All fly P&L is model-credit until the fill sample matures.*

[saved dashboards/2026-07-13.md]
[dashboard_html v1.1] wrote dashboards/2026-07-13.html and latest.html
[dashboard_html v1.1] wrote dashboards/2026-07-13.html and latest.html
[dashboard_html v1.1] wrote dashboards/2026-07-13.html and latest.html
# Readiness Dashboard — 2026-07-14

## Fill honesty (model vs market)
- today: —
- trailing avg ratio: **0.523** over 2 readings  *(n=2 — not yet meaningful)*

## Real fills
- fills to date: **1** (go-live gate: 5–10) — 20260713_SPY_f829
- unresolved orphans: **1 — ATTENTION**

## Live book (vol_wide: XSP + IWM) — model credits
- days tracked: 4 | cumulative: **$4,341.84** | avg/day: $1,085.46  *(n=4 — not yet meaningful)*
- green days: 4/4 | worst day: $281.98 | best: $1,664.42
- XSP: avg credit captured 64% | max wing usage 38% | max-loss days 0
- IWM: avg credit captured 54% | max wing usage 34% | max-loss days 0

## Variant race (per $ risked, settled rows)
- vol: $9,998.24 over 19 rows | per-$ 0.679  *(n=19 — not yet meaningful)*
- vol_wide: $6,923.68 over 12 rows | per-$ 0.446  *(n=12 — not yet meaningful)*
- wingsweep: $16,129.17 over 63 rows | per-$ 0.346
- base: $13,681.24 over 25 rows | per-$ —  *(n=25 — not yet meaningful)*
- condor: $4,138.66 over 22 rows | per-$ —  *(n=22 — not yet meaningful)*
- vol_1d: $9,914.78 over 10 rows | per-$ —  *(n=10 — not yet meaningful)*

## Intraday path (real marks, today)

## Directional book *(decision-grade marks — see rebuild spec)*
- today: 11 exits, $98.00 | reasons: {"trail":8,"timestop":3}

## Promotion checklist (go-live gates)
- ⬜ 30+ tracked days on live-book config (4/30)
- ⬜ 5+ real fills for ratio sample (1/5)
- ⬜ 5+ honesty-ratio readings (2/5)
- ⬜ trailing honesty ratio ≥ 0.75
- ⬜ zero unresolved orphans
- ⬜ kill-criteria document written (manual check)
- ⬜ live second-username architecture set up (manual check)

---
*Sharpe/Kelly deliberately omitted until N≥30. All fly P&L is model-credit until the fill sample matures.*

[saved dashboards/2026-07-14.md]
[dashboard_html v1.1] wrote dashboards/2026-07-14.html and latest.html
[dashboard_html v1.1] wrote dashboards/2026-07-14.html and latest.html
[dashboard_html v1.1] wrote dashboards/2026-07-14.html and latest.html
# Readiness Dashboard — 2026-07-15

## Fill honesty (model vs market)
- today: —
- trailing avg ratio: **0.523** over 2 readings  *(n=2 — not yet meaningful)*

## Real fills
- fills to date: **1** (go-live gate: 5–10) — 20260713_SPY_f829
- unresolved orphans: **1 — ATTENTION**

## Live book (vol_wide: XSP + IWM) — model credits
- days tracked: 5 | cumulative: **$5,885.96** | avg/day: $1,177.19  *(n=5 — not yet meaningful)*
- green days: 5/5 | worst day: $281.98 | best: $1,664.42
- XSP: avg credit captured 70% | max wing usage 38% | max-loss days 0
- IWM: avg credit captured 57% | max wing usage 34% | max-loss days 0

## Variant race (per $ risked, settled rows)
- vol: $12,338.02 over 22 rows | per-$ 0.725  *(n=22 — not yet meaningful)*
- vol_wide: $9,474.74 over 15 rows | per-$ 0.494  *(n=15 — not yet meaningful)*
- wingsweep: $20,353.34 over 72 rows | per-$ 0.382
- base: $16,173.44 over 28 rows | per-$ —  *(n=28 — not yet meaningful)*
- condor: $4,663.28 over 25 rows | per-$ —  *(n=25 — not yet meaningful)*
- vol_1d: $12,458.90 over 12 rows | per-$ —  *(n=12 — not yet meaningful)*

## Directional book *(decision-grade marks — see rebuild spec)*
- today: 18 exits, $1,054.00 | reasons: {"trail":15,"timestop":3}

## Promotion checklist (go-live gates)
- ⬜ 30+ tracked days on live-book config (5/30)
- ⬜ 5+ real fills for ratio sample (1/5)
- ⬜ 5+ honesty-ratio readings (2/5)
- ⬜ trailing honesty ratio ≥ 0.75
- ⬜ zero unresolved orphans
- ⬜ kill-criteria document written (manual check)
- ⬜ live second-username architecture set up (manual check)

---
*Sharpe/Kelly deliberately omitted until N≥30. All fly P&L is model-credit until the fill sample matures.*

[saved dashboards/2026-07-15.md]
[dashboard_html v1.1] wrote dashboards/2026-07-15.html and latest.html
[dashboard_html v1.1] wrote dashboards/2026-07-15.html and latest.html
[dashboard_html v1.1] wrote dashboards/2026-07-15.html and latest.html
# Readiness Dashboard — 2026-07-16

## Fill honesty (model vs market)
- today: SPY/vol 0.553, IWM/vol 0.737
- trailing avg ratio: **0.584** over 4 readings  *(n=4 — not yet meaningful)*

## Real fills
- fills to date: **1** (go-live gate: 5–10) — 20260713_SPY_f829
- unresolved orphans: **1 — ATTENTION**

## Live book (vol_wide: XSP + IWM) — model credits
- days tracked: 6 | cumulative: **$6,995.96** | avg/day: $1,165.99  *(n=6 — not yet meaningful)*
- green days: 6/6 | worst day: $281.98 | best: $1,664.42
- XSP: avg credit captured 68% | max wing usage 38% | max-loss days 0
- IWM: avg credit captured 61% | max wing usage 34% | max-loss days 0

## Variant race (per $ risked, settled rows)
- vol: $13,957.52 over 25 rows | per-$ 0.723  *(n=25 — not yet meaningful)*
- vol_wide: $11,306.06 over 18 rows | per-$ 0.494  *(n=18 — not yet meaningful)*
- wingsweep: $23,930.14 over 81 rows | per-$ 0.400
- base: $17,952.22 over 31 rows | per-$ —
- condor: $5,186.90 over 28 rows | per-$ —  *(n=28 — not yet meaningful)*
- vol_1d: $14,063.72 over 14 rows | per-$ —  *(n=14 — not yet meaningful)*

## Intraday path (real marks, today)

## Directional book *(decision-grade marks — see rebuild spec)*
- today: 13 exits, -$39.00 | reasons: {"timestop":5,"trail":8}

## Promotion checklist (go-live gates)
- ⬜ 30+ tracked days on live-book config (6/30)
- ⬜ 5+ real fills for ratio sample (1/5)
- ⬜ 5+ honesty-ratio readings (4/5)
- ⬜ trailing honesty ratio ≥ 0.75
- ⬜ zero unresolved orphans
- ⬜ kill-criteria document written (manual check)
- ⬜ live second-username architecture set up (manual check)

---
*Sharpe/Kelly deliberately omitted until N≥30. All fly P&L is model-credit until the fill sample matures.*

[saved dashboards/2026-07-16.md]
[dashboard_html v1.1] wrote dashboards/2026-07-16.html and latest.html
[dashboard_html v1.1] wrote dashboards/2026-07-16.html and latest.html
[dashboard_html v1.1] wrote dashboards/2026-07-16.html and latest.html
# Readiness Dashboard — 2026-07-17

## Fill honesty (model vs market)
- today: XSP/vol 0.639, SPY/vol 0.645, IWM/vol 0.871, XSP/vol_wide 0.593, SPY/vol_wide 0.600
- trailing avg ratio: **0.632** over 9 readings  *(n=9 — not yet meaningful)*

## Real fills
- fills to date: **1** (go-live gate: 5–10) — 20260713_SPY_f829
- unresolved orphans: **1 — ATTENTION**

## Live book (vol_wide: XSP + IWM) — model credits
- days tracked: 7 | cumulative: **$8,469.70** | avg/day: $1,209.96  *(n=7 — not yet meaningful)*
- green days: 7/7 | worst day: $281.98 | best: $1,664.42
- XSP: avg credit captured 71% | max wing usage 38% | max-loss days 0
- IWM: avg credit captured 58% | max wing usage 34% | max-loss days 0

## Variant race (per $ risked, settled rows)
- vol: $16,189.72 over 28 rows | per-$ 0.748  *(n=28 — not yet meaningful)*
- vol_wide: $13,889.64 over 21 rows | per-$ 0.506  *(n=21 — not yet meaningful)*
- wingsweep: $26,883.15 over 90 rows | per-$ 0.404
- base: $20,367.50 over 34 rows | per-$ —
- condor: $5,838.32 over 31 rows | per-$ —
- vol_1d: $16,892.76 over 16 rows | per-$ —  *(n=16 — not yet meaningful)*

## Intraday path (real marks, today)
- XSP: 1 marks | peak 38% | last 38% of credit

## Directional book *(decision-grade marks — see rebuild spec)*
- today: 1 exits, $209.00 | reasons: {"trail":1}

## Promotion checklist (go-live gates)
- ⬜ 30+ tracked days on live-book config (7/30)
- ⬜ 5+ real fills for ratio sample (1/5)
- ✅ 5+ honesty-ratio readings (9/5)
- ⬜ trailing honesty ratio ≥ 0.75
- ⬜ zero unresolved orphans
- ⬜ kill-criteria document written (manual check)
- ⬜ live second-username architecture set up (manual check)

---
*Sharpe/Kelly deliberately omitted until N≥30. All fly P&L is model-credit until the fill sample matures.*

[saved dashboards/2026-07-17.md]
[dashboard_html v1.1] wrote dashboards/2026-07-17.html and latest.html
[dashboard_html v1.1] wrote dashboards/2026-07-17.html and latest.html
[dashboard_html v1.1] wrote dashboards/2026-07-17.html and latest.html
# Readiness Dashboard — 2026-07-20

## Fill honesty (model vs market)
- today: SPY/vol 0.489, IWM/vol 0.567
- trailing avg ratio: **0.613** over 11 readings

## Real fills
- fills to date: **1** (go-live gate: 5–10) — 20260713_SPY_f829
- unresolved orphans: **1 — ATTENTION**

## Live book (vol_wide: XSP + IWM) — model credits
- days tracked: 8 | cumulative: **$8,947.56** | avg/day: $1,118.45  *(n=8 — not yet meaningful)*
- green days: 8/8 | worst day: $281.98 | best: $1,664.42
- XSP: avg credit captured 66% | max wing usage 38% | max-loss days 0
- IWM: avg credit captured 53% | max wing usage 38% | max-loss days 0

## Variant race (per $ risked, settled rows)
- vol: $16,718.08 over 31 rows | per-$ 0.694
- vol_wide: $14,688.66 over 24 rows | per-$ 0.465  *(n=24 — not yet meaningful)*
- wingsweep: $26,845.59 over 99 rows | per-$ 0.367
- base: $21,050.34 over 37 rows | per-$ —
- condor: $6,465.34 over 34 rows | per-$ —
- vol_1d: $19,387.86 over 18 rows | per-$ —  *(n=18 — not yet meaningful)*

## Intraday path (real marks, today)

## Directional book *(decision-grade marks — see rebuild spec)*
- today: 2 exits, $170.00 | reasons: {"trail":2}

## Promotion checklist (go-live gates)
- ⬜ 30+ tracked days on live-book config (8/30)
- ⬜ 5+ real fills for ratio sample (1/5)
- ✅ 5+ honesty-ratio readings (11/5)
- ⬜ trailing honesty ratio ≥ 0.75
- ⬜ zero unresolved orphans
- ⬜ kill-criteria document written (manual check)
- ⬜ live second-username architecture set up (manual check)

---
*Sharpe/Kelly deliberately omitted until N≥30. All fly P&L is model-credit until the fill sample matures.*

[saved dashboards/2026-07-20.md]
[dashboard_html v1.1] wrote dashboards/2026-07-20.html and latest.html
[dashboard_html v1.1] wrote dashboards/2026-07-20.html and latest.html
[dashboard_html v1.1] wrote dashboards/2026-07-20.html and latest.html
# Readiness Dashboard — 2026-07-21

## Fill honesty (model vs market)
- today: —
- trailing avg ratio: **0.613** over 11 readings

## Real fills
- fills to date: **1** (go-live gate: 5–10) — 20260713_SPY_f829
- unresolved orphans: **1 — ATTENTION**

## Live book (vol_wide: XSP + IWM) — model credits
- days tracked: 9 | cumulative: **$9,765.38** | avg/day: $1,085.04  *(n=9 — not yet meaningful)*
- green days: 9/9 | worst day: $281.98 | best: $1,664.42
- XSP: avg credit captured 66% | max wing usage 38% | max-loss days 0
- IWM: avg credit captured 45% | max wing usage 51% | max-loss days 0

## Variant race (per $ risked, settled rows)
- vol: $18,015.78 over 34 rows | per-$ 0.687
- vol_wide: $16,326.28 over 27 rows | per-$ 0.456  *(n=27 — not yet meaningful)*
- wingsweep: $28,730.11 over 108 rows | per-$ 0.359
- base: $22,574.22 over 40 rows | per-$ —
- condor: $6,998.80 over 37 rows | per-$ —
- vol_1d: $22,081.42 over 20 rows | per-$ —  *(n=20 — not yet meaningful)*

## Directional book *(decision-grade marks — see rebuild spec)*
- today: 0 exits, $0.00 | reasons: {}

## Promotion checklist (go-live gates)
- ⬜ 30+ tracked days on live-book config (9/30)
- ⬜ 5+ real fills for ratio sample (1/5)
- ✅ 5+ honesty-ratio readings (11/5)
- ⬜ trailing honesty ratio ≥ 0.75
- ⬜ zero unresolved orphans
- ⬜ kill-criteria document written (manual check)
- ⬜ live second-username architecture set up (manual check)

---
*Sharpe/Kelly deliberately omitted until N≥30. All fly P&L is model-credit until the fill sample matures.*

[saved dashboards/2026-07-21.md]
[dashboard_html v1.1] wrote dashboards/2026-07-21.html and latest.html
[dashboard_html v1.1] wrote dashboards/2026-07-21.html and latest.html
[dashboard_html v1.1] wrote dashboards/2026-07-21.html and latest.html
# Readiness Dashboard — 2026-07-22

## Fill honesty (model vs market)
- today: —
- trailing avg ratio: **0.613** over 11 readings

## Real fills
- fills to date: **1** (go-live gate: 5–10) — 20260713_SPY_f829
- unresolved orphans: **1 — ATTENTION**

## Live book (vol_wide: XSP + IWM) — model credits
- days tracked: 10 | cumulative: **$10,994.24** | avg/day: $1,099.42  *(n=10 — not yet meaningful)*
- green days: 10/10 | worst day: $281.98 | best: $1,664.42
- XSP: avg credit captured 69% | max wing usage 38% | max-loss days 0
- IWM: avg credit captured 45% | max wing usage 51% | max-loss days 0

## Variant race (per $ risked, settled rows)
- vol: $19,126.84 over 35 rows | per-$ 0.706
- vol_wide: $17,555.14 over 28 rows | per-$ 0.470  *(n=28 — not yet meaningful)*
- wingsweep: $30,295.86 over 111 rows | per-$ 0.367
- base: $23,818.52 over 41 rows | per-$ —
- condor: $7,253.22 over 38 rows | per-$ —
- vol_1d: $23,397.86 over 21 rows | per-$ —  *(n=21 — not yet meaningful)*

## Directional book *(decision-grade marks — see rebuild spec)*
- today: 16 exits, -$322.00 | reasons: {"trail":6,"timestop":5,"timestop_fill":5}

## Promotion checklist (go-live gates)
- ⬜ 30+ tracked days on live-book config (10/30)
- ⬜ 5+ real fills for ratio sample (1/5)
- ✅ 5+ honesty-ratio readings (11/5)
- ⬜ trailing honesty ratio ≥ 0.75
- ⬜ zero unresolved orphans
- ⬜ kill-criteria document written (manual check)
- ⬜ live second-username architecture set up (manual check)

---
*Sharpe/Kelly deliberately omitted until N≥30. All fly P&L is model-credit until the fill sample matures.*

[saved dashboards/2026-07-22.md]
[dashboard_html v1.1] wrote dashboards/2026-07-22.html and latest.html
[dashboard_html v1.1] wrote dashboards/2026-07-22.html and latest.html
[dashboard_html v1.1] wrote dashboards/2026-07-22.html and latest.html
