============================================================================
PM FEED  2026-07-01  | VIX 16.96  | gate OPEN
============================================================================
inst	open	fly	credit	maxloss	risk2x	%acct	src
XSP	744.13	744pm15	616	884	1768	35.4%	YH:open/10
SPX	7441.27	7441pm149	6155	8745	17490	349.8%	YH:open
SPY	746.77	747pm15	618	882	1763	35.3%	IB
QQQ	736.40	736pm15	611	889	1778	35.6%	IB
IWM	300.45	300pm6	250	350	700	14%	IB
============================================================================
Logged 5/5 instruments to /root/ibkr-webhook/pmtracker_multi_log.jsonl
EOD: fill real_fill_credit / real_pl / vix_close / gate_held / was_max_loss per row.
============================================================================
PM FEED  2026-07-02  | VIX 16.87  | gate OPEN
============================================================================
inst	open	fly	credit	maxloss	risk2x	%acct	src
XSP	747.88	748pm15	616	884	1768	35.4%	YH:open/10
SPX	7478.84	7479pm150	6160	8840	17680	353.6%	YH:open
SPY	745.76	746pm15	615	885	1770	35.4%	IB
QQQ	725.17	725pm15	600	900	1800	36%	IB
IWM	299.32	299pm6	247	353	705	14.1%	IB
============================================================================
Logged 5/5 instruments to /root/ibkr-webhook/pmtracker_multi_log.jsonl
EOD: fill real_fill_credit / real_pl / vix_close / gate_held / was_max_loss per row.
[trading_day 2026-07-03T08:35:02.006Z] 2026-07-03 (Fri) — market holiday: SKIP (market closed)
[trading_day 2026-07-06T08:35:02.061Z] 2026-07-06 (Mon) — trading day: proceed
============================================================================
PM FEED  2026-07-06  | VIX 16.34  | gate OPEN
============================================================================
inst	open	fly	credit	maxloss	risk2x	%acct	src
XSP	749.51	750pm15	602	898	1797	35.9%	YH:open/10
SPX	7495.14	7495pm150	6004	8997	17993	359.9%	YH:open
SPY	(no open — MISSING; Gateway up + live data?)
QQQ	712.60	713pm14	570	830	1659	33.2%	IB
IWM	(no open — MISSING; Gateway up + live data?)
============================================================================
Logged 3/5 instruments to /root/ibkr-webhook/pmtracker_multi_log.jsonl
EOD: fill real_fill_credit / real_pl / vix_close / gate_held / was_max_loss per row.
[trading_day 2026-07-07T13:35:01.473Z] 2026-07-07 (Tue) — trading day: proceed
============================================================================
PM FEED  2026-07-07  | VIX 15.87  | gate OPEN
============================================================================
inst	open	fly	credit	maxloss	risk2x	%acct	src
XSP	751.66	752pm15	587	913	1825	36.5%	YH:open/10
SPX	7516.63	7517pm150	5867	9133	18266	365.3%	YH:open
SPY	750.16	750pm15	586	914	1829	36.6%	IB
QQQ	722.82	723pm14	562	838	1675	33.5%	IB
IWM	299.17	299pm6	234	366	732	14.6%	IB
============================================================================
Logged 5/5 instruments to /root/ibkr-webhook/pmtracker_multi_log.jsonl
EOD: fill real_fill_credit / real_pl / vix_close / gate_held / was_max_loss per row.
[trading_day 2026-07-08T13:35:01.334Z] 2026-07-08 (Wed) — trading day: proceed
============================================================================
PM FEED  2026-07-08  | VIX 17.36  | gate OPEN
============================================================================
inst	open	fly	credit	maxloss	risk2x	%acct	src
XSP	747.65	748pm15	632	868	1737	34.7%	YH:open/10
SPX	7476.54	7477pm150	6310	8690	17380	347.6%	YH:open
SPY	743.21	743pm15	628	872	1744	34.9%	IB
QQQ	709.43	709pm14	598	802	1605	32.1%	IB
IWM	293.97	294pm6	249	351	702	14%	IB
============================================================================
Logged 5/5 instruments to /root/ibkr-webhook/pmtracker_multi_log.jsonl
EOD: fill real_fill_credit / real_pl / vix_close / gate_held / was_max_loss per row.
[trading_day 2026-07-09T13:35:01.777Z] 2026-07-09 (Thu) — trading day: proceed
============================================================================
PM FEED  2026-07-09  | VIX 16.74  | gate OPEN
============================================================================
inst	open	fly	credit	maxloss	risk2x	%acct	src
XSP	749.16	749pm15	613	887	1774	35.5%	YH:open/10
SPX	7491.60	7492pm150	6128	8872	17744	354.9%	YH:open
SPY	747.26	747pm15	612	888	1777	35.5%	IB
QQQ	711.44	711pm14	581	819	1638	32.8%	IB
IWM	295.22	295pm6	242	358	715	14.3%	IB
============================================================================
Logged 5/5 instruments to /root/ibkr-webhook/pmtracker_multi_log.jsonl
EOD: fill real_fill_credit / real_pl / vix_close / gate_held / was_max_loss per row.
[trading_day 2026-07-10T13:35:01.163Z] 2026-07-10 (Fri) — trading day: proceed
============================================================================
PM FEED  2026-07-10  | VIX 15.72  | gate OPEN
============================================================================
inst	open	fly	credit	maxloss	risk2x	%acct	src
XSP	754.76	755pm15	584	916	1831	36.6%	YH:open/10
SPX	7547.64	7548pm151	5843	9257	18513	370.3%	YH:open
SPY	752.12	752pm15	582	918	1836	36.7%	IB
QQQ	723.28	723pm14	558	842	1684	33.7%	IB
IWM	297.74	298pm6	232	368	737	14.7%	IB
============================================================================
Logged 5/5 instruments to /root/ibkr-webhook/pmtracker_multi_log.jsonl
EOD: fill real_fill_credit / real_pl / vix_close / gate_held / was_max_loss per row.
[trading_day 2026-07-13T13:35:01.288Z] 2026-07-13 (Mon) — trading day: proceed
============================================================================
PM FEED  2026-07-13  | VIX 15.03  | gate OPEN
============================================================================
inst	open	fly	credit	maxloss	risk2x	%acct	src
XSP	754.75	755pm15	561	939	1877	37.5%	YH:open/10
SPX	7547.53	7548pm151	5613	9487	18974	379.5%	YH:open
SPY	752.54	753pm15	561	939	1879	37.6%	IB
QQQ	717.72	718pm14	533	867	1734	34.7%	IB
IWM	295.01	295pm6	220	380	761	15.2%	IB
============================================================================
Logged 5/5 instruments to /root/ibkr-webhook/pmtracker_multi_log.jsonl
EOD: fill real_fill_credit / real_pl / vix_close / gate_held / was_max_loss per row.
[trading_day 2026-07-14T13:35:01.383Z] 2026-07-14 (Tue) — trading day: proceed
============================================================================
PM FEED  2026-07-14  | VIX 16.83  | gate OPEN
============================================================================
inst	open	fly	credit	maxloss	risk2x	%acct	src
XSP	753.67	754pm15	619	881	1761	35.2%	YH:open/10
SPX	7536.70	7537pm151	6194	8906	17812	356.2%	YH:open
SPY	750.85	751pm15	617	883	1766	35.3%	IB
QQQ	720.22	720pm14	589	811	1621	32.4%	IB
IWM	295.47	295pm6	245	355	709	14.2%	IB
============================================================================
Logged 5/5 instruments to /root/ibkr-webhook/pmtracker_multi_log.jsonl
EOD: fill real_fill_credit / real_pl / vix_close / gate_held / was_max_loss per row.
[trading_day 2026-07-15T13:35:01.472Z] 2026-07-15 (Wed) — trading day: proceed
============================================================================
PM FEED  2026-07-15  | VIX 16.15  | gate OPEN
============================================================================
inst	open	fly	credit	maxloss	risk2x	%acct	src
XSP	757.17	757pm15	600	900	1801	36%	YH:open/10
SPX	7571.72	7572pm151	6001	9099	18198	364%	YH:open
SPY	754.26	754pm15	598	902	1805	36.1%	IB
QQQ	723.96	724pm14	571	829	1657	33.1%	IB
IWM	295.20	295pm6	235	365	730	14.6%	IB
============================================================================
Logged 5/5 instruments to /root/ibkr-webhook/pmtracker_multi_log.jsonl
EOD: fill real_fill_credit / real_pl / vix_close / gate_held / was_max_loss per row.
[trading_day 2026-07-16T13:35:01.772Z] 2026-07-16 (Thu) — trading day: proceed
============================================================================
PM FEED  2026-07-16  | VIX 16.19  | gate OPEN
============================================================================
inst	open	fly	credit	maxloss	risk2x	%acct	src
XSP	755.88	756pm15	600	900	1800	36%	YH:open/10
SPX	7558.80	7559pm151	6005	9095	18190	363.8%	YH:open
SPY	752.85	753pm15	598	902	1804	36.1%	IB
QQQ	712.01	712pm14	564	836	1671	33.4%	IB
IWM	294.61	295pm6	237	363	727	14.5%	IB
============================================================================
Logged 5/5 instruments to /root/ibkr-webhook/pmtracker_multi_log.jsonl
EOD: fill real_fill_credit / real_pl / vix_close / gate_held / was_max_loss per row.
[trading_day 2026-07-17T13:35:01.522Z] 2026-07-17 (Fri) — trading day: proceed
============================================================================
PM FEED  2026-07-17  | VIX 19.06  | gate OPEN
============================================================================
inst	open	fly	credit	maxloss	risk2x	%acct	src
XSP	744.75	745pm15	679	821	1641	32.8%	YH:open/10
SPX	7447.52	7448pm149	6780	8120	16240	324.8%	YH:open
SPY	742.00	742pm15	677	823	1646	32.9%	IB
QQQ	691.65	692pm14	632	768	1536	30.7%	IB
IWM	292.10	292pm6	267	333	665	13.3%	IB
============================================================================
Logged 5/5 instruments to /root/ibkr-webhook/pmtracker_multi_log.jsonl
EOD: fill real_fill_credit / real_pl / vix_close / gate_held / was_max_loss per row.
[trading_day 2026-07-20T13:35:01.825Z] 2026-07-20 (Mon) — trading day: proceed
============================================================================
PM FEED  2026-07-20  | VIX 18.09  | gate OPEN
============================================================================
inst	open	fly	credit	maxloss	risk2x	%acct	src
XSP	748.92	749pm15	654	846	1692	33.8%	YH:open/10
SPX	7489.18	7489pm150	6538	8462	16923	338.5%	YH:open
SPY	747.00	747pm15	652	848	1695	33.9%	IB
QQQ	702.25	702pm14	613	787	1575	31.5%	IB
IWM	294.97	295pm6	258	342	684	13.7%	IB
============================================================================
Logged 5/5 instruments to /root/ibkr-webhook/pmtracker_multi_log.jsonl
EOD: fill real_fill_credit / real_pl / vix_close / gate_held / was_max_loss per row.
[trading_day 2026-07-21T13:35:01.516Z] 2026-07-21 (Tue) — trading day: proceed
============================================================================
PM FEED  2026-07-21  | VIX 17.78  | gate OPEN
============================================================================
inst	open	fly	credit	maxloss	risk2x	%acct	src
XSP	749.00	749pm15	645	855	1711	34.2%	YH:open/10
SPX	7489.95	7490pm150	6447	8553	17107	342.1%	YH:open
SPY	746.27	746pm15	643	857	1714	34.3%	IB
QQQ	706.59	707pm14	608	792	1584	31.7%	IB
IWM	293.37	293pm6	254	346	691	13.8%	IB
============================================================================
Logged 5/5 instruments to /root/ibkr-webhook/pmtracker_multi_log.jsonl
EOD: fill real_fill_credit / real_pl / vix_close / gate_held / was_max_loss per row.
[trading_day 2026-07-22T13:35:01.172Z] 2026-07-22 (Wed) — trading day: proceed
[2026-07-22] Not connected to Gateway 127.0.0.1:4002 (clientId 77).
============================================================================
PM FEED  2026-07-22  | VIX 17.35  | gate OPEN
============================================================================
inst	open	fly	credit	maxloss	risk2x	%acct	src
XSP	749.75	750pm15	633	867	1735	34.7%	YH:open/10
SPX	7497.47	7497pm150	6321	8679	17358	347.2%	YH:open
SPY	(no open — MISSING; Gateway up + live data?)
QQQ	(no open — MISSING; Gateway up + live data?)
IWM	(no open — MISSING; Gateway up + live data?)
============================================================================
Logged 2/5 instruments to /root/ibkr-webhook/pmtracker_multi_log.jsonl
EOD: fill real_fill_credit / real_pl / vix_close / gate_held / was_max_loss per row.
