[trading_day 2026-07-08T13:41:01.762Z] 2026-07-08 (Wed) — trading day: proceed
VOL-SCALED (VIX1D)  2026-07-08   VIX1D=10.66  (WING_MULT=1.25)
sym	open	vol1d	wings	credit	maxloss	risk
XSP	747.65	10.66	748pm6	689	511	511
SPY	743.21	10.66	743pm6	685	515	515
Logged 2 vol_1d rows to pmtracker_multi_log.jsonl  (variant:"vol_1d")
[trading_day 2026-07-09T13:41:01.660Z] 2026-07-09 (Thu) — trading day: proceed
VOL-SCALED (VIX1D)  2026-07-09   VIX1D=12.68  (WING_MULT=1.25)
sym	open	vol1d	wings	credit	maxloss	risk
XSP	749.16	12.68	749pm7	812	588	588
SPY	747.26	12.68	747pm7	811	589	589
Logged 2 vol_1d rows to pmtracker_multi_log.jsonl  (variant:"vol_1d")
[trading_day 2026-07-10T13:41:01.762Z] 2026-07-10 (Fri) — trading day: proceed
VOL-SCALED (VIX1D)  2026-07-10   VIX1D=10.13  (WING_MULT=1.25)
sym	open	vol1d	wings	credit	maxloss	risk
XSP	754.76	10.13	755pm6	671	529	529
SPY	752.12	10.13	752pm6	669	531	531
Logged 2 vol_1d rows to pmtracker_multi_log.jsonl  (variant:"vol_1d")
[trading_day 2026-07-13T13:41:01.122Z] 2026-07-13 (Mon) — trading day: proceed
VOL-SCALED (VIX1D)  2026-07-13   VIX1D=9.9  (WING_MULT=1.25)
sym	open	vol1d	wings	credit	maxloss	risk
XSP	754.75	9.9	755pm6	661	539	539
SPY	752.54	9.9	753pm6	662	538	538
Logged 2 vol_1d rows to pmtracker_multi_log.jsonl  (variant:"vol_1d")
[trading_day 2026-07-14T13:41:01.195Z] 2026-07-14 (Tue) — trading day: proceed
VOL-SCALED (VIX1D)  2026-07-14   VIX1D=14.63  (WING_MULT=1.25)
sym	open	vol1d	wings	credit	maxloss	risk
XSP	753.67	14.63	754pm9	982	818	818
SPY	750.85	14.63	751pm9	979	821	821
Logged 2 vol_1d rows to pmtracker_multi_log.jsonl  (variant:"vol_1d")
[trading_day 2026-07-15T13:41:01.433Z] 2026-07-15 (Wed) — trading day: proceed
VOL-SCALED (VIX1D)  2026-07-15   VIX1D=10.57  (WING_MULT=1.25)
sym	open	vol1d	wings	credit	maxloss	risk
XSP	757.17	10.57	757pm6	689	511	511
SPY	754.26	10.57	754pm6	688	512	512
Logged 2 vol_1d rows to pmtracker_multi_log.jsonl  (variant:"vol_1d")
[trading_day 2026-07-16T13:41:01.858Z] 2026-07-16 (Thu) — trading day: proceed
VOL-SCALED (VIX1D)  2026-07-16   VIX1D=9.51  (WING_MULT=1.25)
sym	open	vol1d	wings	credit	maxloss	risk
XSP	755.88	9.51	756pm6	645	555	555
SPY	752.85	9.51	753pm6	643	557	557
Logged 2 vol_1d rows to pmtracker_multi_log.jsonl  (variant:"vol_1d")
[trading_day 2026-07-17T13:41:01.831Z] 2026-07-17 (Fri) — trading day: proceed
VOL-SCALED (VIX1D)  2026-07-17   VIX1D=12.72  (WING_MULT=1.25)
sym	open	vol1d	wings	credit	maxloss	risk
XSP	744.75	12.72	745pm7	811	589	589
SPY	742	12.72	742pm7	809	591	591
Logged 2 vol_1d rows to pmtracker_multi_log.jsonl  (variant:"vol_1d")
[trading_day 2026-07-20T13:41:01.940Z] 2026-07-20 (Mon) — trading day: proceed
VOL-SCALED (VIX1D)  2026-07-20   VIX1D=16.69  (WING_MULT=1.25)
sym	open	vol1d	wings	credit	maxloss	risk
XSP	748.92	16.69	749pm10	1104	896	896
SPY	747	16.69	747pm10	1102	898	898
Logged 2 vol_1d rows to pmtracker_multi_log.jsonl  (variant:"vol_1d")
[trading_day 2026-07-21T13:41:01.807Z] 2026-07-21 (Tue) — trading day: proceed
VOL-SCALED (VIX1D)  2026-07-21   VIX1D=13.43  (WING_MULT=1.25)
sym	open	vol1d	wings	credit	maxloss	risk
XSP	749	13.43	749pm8	886	714	714
SPY	746.27	13.43	746pm8	885	715	715
Logged 2 vol_1d rows to pmtracker_multi_log.jsonl  (variant:"vol_1d")
[trading_day 2026-07-22T13:41:01.893Z] 2026-07-22 (Wed) — trading day: proceed
VOL-SCALED (VIX1D)  2026-07-22   VIX1D=10.14  (WING_MULT=1.25)
sym	open	vol1d	wings	credit	maxloss	risk
XSP	749.75	10.14	750pm6	669	531	531
Logged 1 vol_1d rows to pmtracker_multi_log.jsonl  (variant:"vol_1d")
