nothing to settle (all rows already have real_pl, or market not yet closed).
[trading_day 2026-07-03T15:20:01.902Z] 2026-07-03 (Fri) — market holiday: SKIP (market closed)
[trading_day 2026-07-06T15:20:01.110Z] 2026-07-06 (Mon) — trading day: proceed
nothing to settle (all rows already have real_pl, or market not yet closed).
[trading_day 2026-07-07T20:20:01.543Z] 2026-07-07 (Tue) — trading day: proceed

Settled 23 row(s). Backup: pmtracker_multi_log.jsonl.bak

date        sym   close     center   credit    P&L        maxloss
----------  ----  --------  -------  --------  ---------  -------
2026-07-07  XSP     750.39      752    587.38  +  851.76  
2026-07-07  SPX    7503.85     7517   5866.92  + 9103.84  
2026-07-07  SPY     747.62      750    585.66  +  695.32  
2026-07-07  QQQ     709.43      723    562.32  -1589.36  
2026-07-07  IWM      296.2      299    233.87    -92.26  
2026-07-07  SPY     747.62      750    578.22  +  340.22  
2026-07-07  SPY     747.62      750    621.93  +  383.93  
2026-07-07  SPY     747.62      750    636.40  +  398.40  
2026-07-07  XSP     750.39      752    578.92  +  417.42  
2026-07-07  XSP     750.39      752    622.95  +  461.45  
2026-07-07  XSP     750.39      752    637.63  +  476.13  
2026-07-07  IWM      296.2      299    283.11  +    3.11  
2026-07-07  IWM      296.2      299    291.72  +   11.72  
2026-07-07  IWM      296.2      299    298.99  +   18.99  
2026-07-07  XSP     750.39      752    515.90  +  708.80  
2026-07-07  SPX    7503.85     7517   5243.23  + 7856.46  
2026-07-07  SPY     747.62      750    514.81  +  553.62  
2026-07-07  QQQ     709.43      723    845.11  -1023.78  
2026-07-07  XSP     750.39      752    102.25  +  204.50  
2026-07-07  SPX    7503.85     7517   1131.34  + 2262.68  
2026-07-07  SPY     747.62      750    101.41  +  202.82  
2026-07-07  QQQ     709.43      723    113.72  -1086.56  
2026-07-07  IWM      296.2      299     44.84  +   89.68  
----------  ----  --------  -------  --------  ---------  -------
TOTAL across settled rows: +21248.89

(Note: SPX rows are 10x-sized reference-only; exclude from the $5k-account tally if desired.)
[trading_day 2026-07-08T20:20:01.989Z] 2026-07-08 (Wed) — trading day: proceed

Settled 25 row(s). Backup: pmtracker_multi_log.jsonl.bak

date        sym   close     center   credit    P&L        maxloss
----------  ----  --------  -------  --------  ---------  -------
2026-07-08  XSP     748.27      748    631.66  + 1209.12  
2026-07-08  SPX    7482.71     7477   6309.99  +11477.98  
2026-07-08  SPY     745.32      743    627.84  +  791.68  
2026-07-08  QQQ     711.44      709    597.59  +  707.18  
2026-07-08  IWM     293.53      294    248.77  +  403.54  
2026-07-08  SPY     745.32      743    574.53  +  342.53  
2026-07-08  SPY     745.32      743    617.05  +  385.05  
2026-07-08  SPY     745.32      743    630.95  +  398.95  
2026-07-08  XSP     748.27      746    575.79  +  348.69  
2026-07-08  XSP     748.27      746    618.69  +  391.59  
2026-07-08  XSP     748.27      746    632.77  +  405.67  
2026-07-08  IWM     293.53      295    280.21  +  133.21  
2026-07-08  IWM     293.53      295    288.36  +  141.36  
2026-07-08  IWM     293.53      295    295.06  +  148.06  
2026-07-08  XSP     748.27      748    566.95  + 1079.70  
2026-07-08  SPX    7482.71     7477   5729.83  +10317.66  
2026-07-08  SPY     745.32      743    564.41  +  664.82  
2026-07-08  QQQ     711.44      709    877.51  + 1267.02  
2026-07-08  XSP     748.27      748    688.58  + 1322.96  
2026-07-08  SPY     745.32      743    685.15  +  906.30  
2026-07-08  XSP     748.27      748    127.92  +  255.84  
2026-07-08  SPX    7482.71     7477   1230.51  + 2461.02  
2026-07-08  SPY     745.32      743    125.80  +  251.60  
2026-07-08  QQQ     711.44      709    112.18  +  224.36  
2026-07-08  IWM     293.53      294     53.48  +  106.96  
----------  ----  --------  -------  --------  ---------  -------
TOTAL across settled rows: +36142.85

(Note: SPX rows are 10x-sized reference-only; exclude from the $5k-account tally if desired.)
[trading_day 2026-07-09T20:20:01.266Z] 2026-07-09 (Thu) — trading day: proceed

Settled 36 row(s). Backup: pmtracker_multi_log.jsonl.bak

date        sym   close     center   credit    P&L        maxloss
----------  ----  --------  -------  --------  ---------  -------
2026-07-08  XSP     748.27      748    610.57  + 1166.94  
2026-07-08  SPX    7482.71     7477   6091.19  +11040.39  
2026-07-08  SPY      745.4      743    606.95  +  733.90  
2026-07-08  QQQ     711.44      709    954.77  + 1421.54  
2026-07-08  IWM     293.48      294    300.74  +  497.48  
2026-07-09  XSP     754.36      749    612.80  +  152.80  
2026-07-09  SPX    7543.64     7492   6128.25  + 1928.50  
2026-07-09  SPY     751.71      747    611.59  +  281.18  
2026-07-09  QQQ     723.28      711    581.06  -1293.88  
2026-07-09  IWM     297.27      295    242.37  +   30.74  
2026-07-09  SPY     751.71      747    576.48  +  105.48  
2026-07-09  SPY     751.71      747    619.68  +  148.68  
2026-07-09  SPY     751.71      747    633.93  +  162.93  
2026-07-09  XSP     754.36      751    578.64  +  242.24  
2026-07-09  XSP     754.36      751    622.51  +  286.11  
2026-07-09  XSP     754.36      751    637.08  +  300.68  
2026-07-09  IWM     297.27      295    281.63  +   54.63  
2026-07-09  IWM     297.27      295    290.06  +   63.06  
2026-07-09  IWM     297.27      295    297.13  +   70.13  
2026-07-09  XSP     754.36      749    552.57  +   32.34  
2026-07-09  SPX    7543.64     7492   5505.43  +  682.86  
2026-07-09  SPY     751.71      747    551.76  +  161.52  
2026-07-09  QQQ     723.28      711    877.90   -700.20  
2026-07-09  IWM     297.27      295    273.82  +   93.64  
2026-07-09  XSP     754.36      749    812.13  +  551.46  
2026-07-09  SPY     751.71      747    811.13  +  680.26  
2026-07-09  XSP     754.36      749    115.45  +  230.90  
2026-07-09  SPX    7543.64     7492   1176.87  + 2353.74  
2026-07-09  SPY     751.71      747    114.79  +  229.58  
2026-07-09  QQQ     723.28      711    123.55   -808.90  
2026-07-09  IWM     297.27      295     49.19  +   98.38  
2026-07-09  XSP     754.36      749    605.24  +  137.68  
2026-07-09  SPX    7543.64     7492   6037.09  + 1746.18  
2026-07-09  SPY     751.71      747    604.08  +  266.16  
2026-07-09  QQQ     723.28      711    957.00   -542.00  
2026-07-09  IWM     297.27      295    299.15  +  144.30  
----------  ----  --------  -------  --------  ---------  -------
TOTAL across settled rows: +22751.43

(Note: SPX rows are 10x-sized reference-only; exclude from the $5k-account tally if desired.)
[trading_day 2026-07-10T20:20:02.037Z] 2026-07-10 (Fri) — trading day: proceed

Settled 31 row(s). Backup: pmtracker_multi_log.jsonl.bak

date        sym   close     center   credit    P&L        maxloss
----------  ----  --------  -------  --------  ---------  -------
2026-07-10  XSP     757.54      755    584.28  +  660.76  
2026-07-10  SPX    7575.39     7548   5843.49  + 6208.98  
2026-07-10  SPY     754.94      752    582.07  +  575.94  
2026-07-10  QQQ     725.51      723    557.96  +  613.92  
2026-07-10  IWM     295.95      298    231.63  +   53.26  
2026-07-10  SPY     754.94      753    579.83  +  385.73  
2026-07-10  SPY     754.94      753    624.12  +  430.02  
2026-07-10  SPY     754.94      753    638.89  +  444.79  
2026-07-10  XSP     757.54      756    581.57  +  427.67  
2026-07-10  XSP     757.54      756    626.48  +  472.58  
2026-07-10  XSP     757.54      756    641.57  +  487.67  
2026-07-10  IWM     295.95      297    283.22  +  178.22  
2026-07-10  IWM     295.95      297    291.77  +  186.77  
2026-07-10  IWM     295.95      297    298.90  +  193.90  
2026-07-10  XSP     757.54      755    513.66  +  519.52  
2026-07-10  SPX    7575.39     7548   5200.51  + 4923.02  
2026-07-10  SPY     754.94      752    512.30  +  436.40  
2026-07-10  QQQ     725.51      723    847.05  + 1192.10  
2026-07-10  IWM     295.95      298    265.04  +  120.08  
2026-07-10  XSP     757.54      755    670.92  +  834.04  
2026-07-10  SPY     754.94      752    668.85  +  749.50  
2026-07-10  XSP     757.54      755    122.98  +  245.96  
2026-07-10  SPX    7575.39     7548   1114.41  + 2228.82  
2026-07-10  SPY     754.94      752    121.81  +  243.62  
2026-07-10  QQQ     725.51      723    111.18  +  222.36  
2026-07-10  IWM     295.95      298     43.49  +   86.98  
2026-07-10  XSP     757.54      755    572.19  +  636.58  
2026-07-10  SPX    7575.39     7548   5726.50  + 5975.00  
2026-07-10  SPY     754.94      752    570.17  +  552.14  
2026-07-10  QQQ     725.51      723    934.67  + 1367.34  
2026-07-10  IWM     295.95      298    278.85  +  147.70  
----------  ----  --------  -------  --------  ---------  -------
TOTAL across settled rows: +31801.37

(Note: SPX rows are 10x-sized reference-only; exclude from the $5k-account tally if desired.)
[trading_day 2026-07-13T20:20:01.962Z] 2026-07-13 (Mon) — trading day: proceed

Settled 29 row(s). Backup: pmtracker_multi_log.jsonl.bak

date        sym   close     center   credit    P&L        maxloss
----------  ----  --------  -------  --------  ---------  -------
2026-07-13  XSP     751.53      755    561.33  +  429.46  
2026-07-13  SPX    7515.34     7548   5612.78  + 4693.56  
2026-07-13  SPY     749.17      753    560.69  +  355.38  
2026-07-13  QQQ     711.74      718    532.93   -186.14  
2026-07-13  IWM     293.44      295    219.69  +  127.38  
2026-07-13  SPY     749.17      753    579.44  +  196.44  
2026-07-13  SPY     749.17      753    623.65  +  240.65  
2026-07-13  SPY     749.17      753    638.43  +  255.43  
2026-07-13  XSP     751.53      756    581.26  +  134.66  
2026-07-13  XSP     751.53      756    626.07  +  179.47  
2026-07-13  XSP     751.53      756    641.13  +  194.53  
2026-07-13  IWM     293.44      296    281.51  +   25.51  
2026-07-13  IWM     293.44      296    289.84  +   33.84  
2026-07-13  IWM     293.44      296    296.72  +   40.72  
2026-07-13  QQQ     711.74      716    720.87  +  294.87  
2026-07-13  QQQ     711.74      716    764.66  +  338.66  
2026-07-13  QQQ     711.74      716    779.81  +  353.81  
2026-07-13  XSP     751.53      755    548.76  +  404.32  
2026-07-13  SPX    7515.34     7548   5422.87  + 4313.74  
2026-07-13  SPY     749.17      753    548.28  +  330.56  
2026-07-13  QQQ     711.74      718    782.96  +  313.92  
2026-07-13  IWM     293.44      295    270.18  +  228.36  
2026-07-13  XSP     751.53      755    661.43  +  629.66  
2026-07-13  SPY     749.17      753    661.75  +  557.50  
2026-07-13  XSP     751.53      755    112.11  +  224.22  
2026-07-13  SPX    7515.34     7548   1164.47  + 2328.94  
2026-07-13  SPY     749.17      753    111.65  +  223.30  
2026-07-13  QQQ     711.74      718    120.45  +  240.90  
2026-07-13  IWM     293.44      295     46.61  +   93.22  
----------  ----  --------  -------  --------  ---------  -------
TOTAL across settled rows: +17596.87

(Note: SPX rows are 10x-sized reference-only; exclude from the $5k-account tally if desired.)
[trading_day 2026-07-14T20:20:01.777Z] 2026-07-14 (Tue) — trading day: proceed

Settled 36 row(s). Backup: pmtracker_multi_log.jsonl.bak

date        sym   close     center   credit    P&L        maxloss
----------  ----  --------  -------  --------  ---------  -------
2026-07-14  XSP     754.36      754    619.43  + 1167.06  
2026-07-14  SPX    7543.59     7537   6194.04  +11070.08  
2026-07-14  SPY     751.83      751    616.99  + 1067.98  
2026-07-14  QQQ     719.69      720    589.27  + 1116.54  
2026-07-14  IWM     294.45      295    245.36  +  380.72  
2026-07-14  SPY     751.83      750    578.35  +  395.35  
2026-07-14  SPY     751.83      750    622.10  +  439.10  
2026-07-14  SPY     751.83      750    636.59  +  453.59  
2026-07-14  XSP     754.36      753    579.51  +  443.61  
2026-07-14  XSP     754.36      753    623.78  +  487.88  
2026-07-14  XSP     754.36      753    638.58  +  502.68  
2026-07-14  IWM     294.45      295    280.79  +  225.79  
2026-07-14  IWM     294.45      295    289.01  +  234.01  
2026-07-14  IWM     294.45      295    295.77  +  240.77  
2026-07-14  QQQ     719.69      717    721.67  +  452.67  
2026-07-14  QQQ     719.69      717    765.69  +  496.69  
2026-07-14  QQQ     719.69      717    784.04  +  515.04  
2026-07-14  XSP     754.36      754    555.35  + 1038.90  
2026-07-14  SPX    7543.59     7537   5527.97  + 9737.94  
2026-07-14  SPY     751.83      751    553.72  +  941.44  
2026-07-14  QQQ     719.69      720    852.27  + 1642.54  
2026-07-14  IWM     294.45      295    274.87  +  439.74  
2026-07-14  XSP     754.36      754    981.77  + 1891.74  
2026-07-14  SPY     751.83      751    978.68  + 1791.36  
2026-07-14  XSP     754.36      754    117.69  +  235.38  
2026-07-14  SPX    7543.59     7537   1196.47  + 2392.94  
2026-07-14  SPY     751.83      751    116.34  +  232.68  
2026-07-14  QQQ     719.69      720    104.31  +  208.62  
2026-07-14  IWM     294.45      295     50.35  +  100.70  
2026-07-14  XSP     754.36      754    600.14  + 1128.48  
2026-07-14  SPX    7543.59     7537   5964.56  +10611.12  
2026-07-14  SPY     751.83      751    597.82  + 1029.64  
2026-07-14  QQQ     719.69      720    913.68  + 1765.36  
2026-07-14  IWM     294.45      295    296.34  +  482.68  
2026-07-13  XSP     751.53      755    594.59       NaN  
2026-07-13  IWM     293.48      295    291.48       NaN  
----------  ----  --------  -------  --------  ---------  -------
TOTAL across settled rows: NaN

(Note: SPX rows are 10x-sized reference-only; exclude from the $5k-account tally if desired.)
[trading_day 2026-07-15T20:20:01.244Z] 2026-07-15 (Wed) — trading day: proceed

Settled 36 row(s). Backup: pmtracker_multi_log.jsonl.bak

date        sym   close     center   credit    P&L        maxloss
----------  ----  --------  -------  --------  ---------  -------
2026-07-13  XSP     751.53      755    594.59       NaN  
2026-07-13  IWM     293.48      295    291.48       NaN  
2026-07-15  XSP     757.24      757    599.58  + 1151.16  
2026-07-15  SPX     7572.4     7572   6000.85  +11921.70  
2026-07-15  SPY     754.81      754    597.69  + 1033.38  
2026-07-15  QQQ     717.74      724    571.43   -109.14  
2026-07-15  IWM     295.81      295    234.83  +  307.66  
2026-07-15  SPY     754.81      755    580.56  +  561.56  
2026-07-15  SPY     754.81      755    625.19  +  606.19  
2026-07-15  SPY     754.81      755    640.20  +  621.20  
2026-07-15  XSP     757.24      758    582.38  +  506.38  
2026-07-15  XSP     757.24      758    627.60  +  551.60  
2026-07-15  XSP     757.24      758    642.86  +  566.86  
2026-07-15  IWM     295.81      296    281.31  +  262.31  
2026-07-15  IWM     295.81      296    289.61  +  270.61  
2026-07-15  IWM     295.81      296    296.46  +  277.46  
2026-07-15  QQQ     717.74      724    726.22  +  100.22  
2026-07-15  QQQ     717.74      724    771.46  +  145.46  
2026-07-15  QQQ     717.74      724    790.52  +  164.52  
2026-07-15  XSP     757.24      757    544.63  + 1041.26  
2026-07-15  SPX     7572.4     7572   5364.97  +10649.94  
2026-07-15  SPY     754.81      754    543.35  +  924.70  
2026-07-15  QQQ     717.74      724    835.42  +  418.84  
2026-07-15  IWM     295.81      295    267.91  +  373.82  
2026-07-15  XSP     757.24      757    689.19  + 1330.38  
2026-07-15  SPY     754.81      754    687.87  + 1213.74  
2026-07-15  XSP     757.24      757    108.98  +  217.96  
2026-07-15  SPX     7572.4     7572   1156.98  + 2313.96  
2026-07-15  SPY     754.81      754    107.96  +  215.92  
2026-07-15  QQQ     717.74      724    118.86  +  237.72  
2026-07-15  IWM     295.81      295     45.37  +   90.74  
2026-07-15  XSP     757.24      757    586.16  + 1124.32  
2026-07-15  SPX     7572.4     7572   5904.64  +11729.28  
2026-07-15  SPY     754.81      754    584.47  + 1006.94  
2026-07-15  QQQ     717.74      724    917.70  +  583.40  
2026-07-15  IWM     295.81      295    290.90  +  419.80  
----------  ----  --------  -------  --------  ---------  -------
TOTAL across settled rows: NaN

(Note: SPX rows are 10x-sized reference-only; exclude from the $5k-account tally if desired.)
[trading_day 2026-07-16T20:20:01.768Z] 2026-07-16 (Thu) — trading day: proceed

Settled 36 row(s). Backup: pmtracker_multi_log.jsonl.bak

date        sym   close     center   credit    P&L        maxloss
----------  ----  --------  -------  --------  ---------  -------
2026-07-13  XSP     751.53      755    594.59       NaN  
2026-07-13  IWM     293.48      295    291.48       NaN  
2026-07-16  XSP     753.38      756    600.09  +  675.58  
2026-07-16  SPX    7533.77     7559   6004.80  + 6963.60  
2026-07-16  SPY     750.77      753    598.05  +  750.10  
2026-07-16  QQQ     705.94      712    564.45    -83.10  
2026-07-16  IWM      295.6      295    236.55  +  353.10  
2026-07-16  SPY     750.77      752    579.18  +  456.18  
2026-07-16  SPY     750.77      752    623.34  +  500.34  
2026-07-16  SPY     750.77      752    638.11  +  515.11  
2026-07-16  XSP     753.38      755    580.63  +  418.33  
2026-07-16  XSP     753.38      755    625.23  +  462.93  
2026-07-16  XSP     753.38      755    640.17  +  477.87  
2026-07-16  IWM      295.6      296    280.91  +  240.91  
2026-07-16  IWM      295.6      296    289.16  +  249.16  
2026-07-16  IWM      295.6      296    295.97  +  255.97  
2026-07-16  QQQ     705.94      711    717.20  +  211.20  
2026-07-16  QQQ     705.94      711    759.94  +  253.94  
2026-07-16  QQQ     705.94      711    774.56  +  268.56  
2026-07-16  XSP     753.38      756    543.93  +  563.26  
2026-07-16  SPX    7533.77     7559   5357.20  + 5668.40  
2026-07-16  SPY     750.77      753    542.56  +  639.12  
2026-07-16  QQQ     705.94      712    793.24  +  374.48  
2026-07-16  IWM      295.6      295    268.56  +  417.12  
2026-07-16  XSP     753.38      756    644.65  +  764.70  
2026-07-16  SPY     750.77      753    643.06  +  840.12  
2026-07-16  XSP     753.38      756    108.50  +  217.00  
2026-07-16  SPX    7533.77     7559   1152.01  + 2304.02  
2026-07-16  SPY     750.77      753    107.37  +  214.74  
2026-07-16  QQQ     705.94      712    114.25  +  228.50  
2026-07-16  IWM      295.6      295     45.94  +   91.88  
2026-07-16  XSP     753.38      756    585.48  +  646.36  
2026-07-16  SPX    7533.77     7559   5896.34  + 6746.68  
2026-07-16  SPY     750.77      753    583.66  +  721.32  
2026-07-16  QQQ     705.94      712    879.58  +  547.16  
2026-07-16  IWM      295.6      295    291.82  +  463.64  
----------  ----  --------  -------  --------  ---------  -------
TOTAL across settled rows: NaN

(Note: SPX rows are 10x-sized reference-only; exclude from the $5k-account tally if desired.)
[trading_day 2026-07-17T20:20:01.129Z] 2026-07-17 (Fri) — trading day: proceed

Settled 36 row(s). Backup: pmtracker_multi_log.jsonl.bak

date        sym   close     center   credit    P&L        maxloss
----------  ----  --------  -------  --------  ---------  -------
2026-07-13  XSP     751.53      755    594.59       NaN  
2026-07-13  IWM     293.48      295    291.48       NaN  
2026-07-17  XSP     745.77      745    679.28  + 1204.76  
2026-07-17  SPX    7457.69     7448   6780.01  +11622.02  
2026-07-17  SPY     743.29      742    676.91  + 1095.82  
2026-07-17  QQQ     695.33      692    631.83  +  597.66  
2026-07-17  IWM      294.1      292    267.35  +  114.70  
2026-07-17  SPY     743.29      741    573.16  +  344.16  
2026-07-17  SPY     743.29      741    615.15  +  386.15  
2026-07-17  SPY     743.29      741    628.75  +  399.75  
2026-07-17  XSP     745.77      745    575.87  +  498.97  
2026-07-17  XSP     745.77      745    618.74  +  541.84  
2026-07-17  XSP     745.77      745    632.76  +  555.86  
2026-07-17  IWM      294.1      292    278.02  +   68.02  
2026-07-17  IWM      294.1      292    285.91  +   75.91  
2026-07-17  IWM      294.1      292    292.35  +   82.35  
2026-07-17  QQQ     695.33      690    702.19  +  169.19  
2026-07-17  QQQ     695.33      690    734.14  +  201.14  
2026-07-17  QQQ     695.33      690    753.58  +  220.58  
2026-07-17  XSP     745.77      745    619.67  + 1085.54  
2026-07-17  SPX    7457.69     7448   6237.05  +10536.10  
2026-07-17  SPY     743.29      742    617.97  +  977.94  
2026-07-17  QQQ     695.33      692    832.73  +  999.46  
2026-07-17  IWM      294.1      292    294.36  +  168.72  
2026-07-17  XSP     745.77      745    811.39  + 1468.98  
2026-07-17  SPY     743.29      742    809.03  + 1360.06  
2026-07-17  XSP     745.77      745    131.78  +  263.56  
2026-07-17  SPX    7457.69     7448   1338.76  + 2677.52  
2026-07-17  SPY     743.29      742    130.36  +  260.72  
2026-07-17  QQQ     695.33      692    130.70  +  261.40  
2026-07-17  IWM      294.1      292     63.57  +  127.14  
2026-07-17  XSP     745.77      745    686.42  + 1219.04  
2026-07-17  SPX    7457.69     7448   6830.02  +11722.04  
2026-07-17  SPY     743.29      742    683.92  + 1109.84  
2026-07-17  QQQ     695.33      692    913.73  + 1161.46  
2026-07-17  IWM      294.1      292    337.35  +  254.70  
----------  ----  --------  -------  --------  ---------  -------
TOTAL across settled rows: NaN

(Note: SPX rows are 10x-sized reference-only; exclude from the $5k-account tally if desired.)
[trading_day 2026-07-20T20:20:01.835Z] 2026-07-20 (Mon) — trading day: proceed

Settled 36 row(s). Backup: pmtracker_multi_log.jsonl.bak

date        sym   close     center   credit    P&L        maxloss
----------  ----  --------  -------  --------  ---------  -------
2026-07-13  XSP     751.53      755    594.59       NaN  
2026-07-13  IWM     293.48      295    291.48       NaN  
2026-07-20  XSP     744.33      749    653.91  +  373.42  
2026-07-20  SPX    7443.28     7489   6538.27  + 3932.54  
2026-07-20  SPY     742.09      747    652.46  +  322.92  
2026-07-20  QQQ     696.06      702    612.65  +   37.30  
2026-07-20  IWM     292.35      295    258.25    -13.50  
2026-07-20  SPY     742.09      748    576.97    -14.03  
2026-07-20  SPY     742.09      748    620.27  +   29.27  
2026-07-20  SPY     742.09      748    634.53  +   43.53  
2026-07-20  XSP     744.33      751    578.46    -88.74  
2026-07-20  XSP     744.33      751    622.34    -44.86  
2026-07-20  XSP     744.33      751    636.94    -30.26  
2026-07-20  IWM     292.35      295    279.86  +   14.86  
2026-07-20  IWM     292.35      295    287.99  +   22.99  
2026-07-20  IWM     292.35      295    294.68  +   29.68  
2026-07-20  QQQ     696.06      704    712.70    -81.30  
2026-07-20  QQQ     696.06      704    754.26    -39.74  
2026-07-20  QQQ     696.06      704    768.33    -25.67  
2026-07-20  XSP     744.33      749    600.80  +  267.20  
2026-07-20  SPX    7443.28     7489   5946.45  + 2748.90  
2026-07-20  SPY     742.09      747    599.75  +  217.50  
2026-07-20  QQQ     696.06      702    893.46  +  598.92  
2026-07-20  IWM     292.35      295    286.83  +   43.66  
2026-07-20  XSP     744.33      749   1103.83  + 1273.26  
2026-07-20  SPY     742.09      747   1101.92  + 1221.84  
2026-07-20  XSP     744.33      749    116.75  +  233.50  
2026-07-20  SPX    7443.28     7489   1279.40  + 2558.80  
2026-07-20  SPY     742.09      747    138.48  +  276.96  
2026-07-20  QQQ     696.06      702    119.40  +  238.80  
2026-07-20  IWM     292.35      295     58.28  +  116.56  
2026-07-20  XSP     744.33      749    653.03  +  371.66  
2026-07-20  SPX    7443.28     7489   6521.45  + 3898.90  
2026-07-20  SPY     742.09      747    651.58  +  321.16  
2026-07-20  QQQ     696.06      702    978.98  +  769.96  
2026-07-20  IWM     292.35      295    318.10  +  106.20  
----------  ----  --------  -------  --------  ---------  -------
TOTAL across settled rows: NaN

(Note: SPX rows are 10x-sized reference-only; exclude from the $5k-account tally if desired.)
[trading_day 2026-07-21T20:20:01.862Z] 2026-07-21 (Tue) — trading day: proceed

Settled 36 row(s). Backup: pmtracker_multi_log.jsonl.bak

date        sym   close     center   credit    P&L        maxloss
----------  ----  --------  -------  --------  ---------  -------
2026-07-13  XSP     751.53      755    594.59       NaN  
2026-07-13  IWM     293.48      295    291.48       NaN  
2026-07-21  XSP     750.92      749    644.65  +  905.30  
2026-07-21  SPX     7509.2     7490   6446.52  + 9053.04  
2026-07-21  SPY     748.32      746    642.80  +  821.60  
2026-07-21  QQQ     708.97      707    607.95  +  821.90  
2026-07-21  IWM     296.56      293    254.49   -203.02  
2026-07-21  SPY     748.32      745    575.80  +  243.80  
2026-07-21  SPY     748.32      745    618.79  +  286.79  
2026-07-21  SPY     748.32      745    632.94  +  300.94  
2026-07-21  XSP     750.92      748    576.90  +  284.90  
2026-07-21  XSP     750.92      748    620.22  +  328.22  
2026-07-21  XSP     750.92      748    634.54  +  342.54  
2026-07-21  IWM     296.56      294    280.63  +   24.63  
2026-07-21  IWM     296.56      294    288.90  +   32.90  
2026-07-21  IWM     296.56      294    295.80  +   39.80  
2026-07-21  QQQ     708.97      705    713.25  +  316.25  
2026-07-21  QQQ     708.97      705    754.82  +  357.82  
2026-07-21  QQQ     708.97      705    768.85  +  371.85  
2026-07-21  XSP     750.92      749    573.29  +  762.58  
2026-07-21  SPX     7509.2     7490   5843.50  + 7847.00  
2026-07-21  SPY     748.32      746    572.07  +  680.14  
2026-07-21  QQQ     708.97      707    888.03  + 1382.06  
2026-07-21  IWM     296.56      293    283.49   -145.02  
2026-07-21  XSP     750.92      749    886.27  + 1388.54  
2026-07-21  SPY     748.32      746    884.51  + 1305.02  
2026-07-21  XSP     750.92      749    133.82  +  267.64  
2026-07-21  SPX     7509.2     7490   1247.42  + 2494.84  
2026-07-21  SPY     748.32      746    132.78  +  265.56  
2026-07-21  QQQ     708.97      707    116.44  +  232.88  
2026-07-21  IWM     296.56      293     56.13  +    0.26  
2026-07-21  XSP     750.92      749    643.75  +  903.50  
2026-07-21  SPX     7509.2     7490   6414.64  + 8989.28  
2026-07-21  SPY     748.32      746    641.90  +  819.80  
2026-07-21  QQQ     708.97      707    971.09  + 1548.18  
2026-07-21  IWM     296.56      293    313.16    -85.68  
----------  ----  --------  -------  --------  ---------  -------
TOTAL across settled rows: NaN

(Note: SPX rows are 10x-sized reference-only; exclude from the $5k-account tally if desired.)
[trading_day 2026-07-22T20:20:01.916Z] 2026-07-22 (Wed) — trading day: proceed

Settled 14 row(s). Backup: pmtracker_multi_log.jsonl.bak

date        sym   close     center   credit    P&L        maxloss
----------  ----  --------  -------  --------  ---------  -------
2026-07-13  XSP     751.53      755    594.59       NaN  
2026-07-13  IWM     293.48      295    291.48       NaN  
2026-07-22  XSP      749.9      750    632.55  + 1244.30  
2026-07-22  SPX    7498.96     7497   6321.20  +12250.40  
2026-07-22  XSP      749.9      749    577.62  +  488.02  
2026-07-22  XSP      749.9      749    621.23  +  531.63  
2026-07-22  XSP      749.9      749    635.70  +  546.10  
2026-07-22  XSP      749.9      750    565.93  + 1111.06  
2026-07-22  SPX    7498.96     7497   5699.73  +11007.46  
2026-07-22  XSP      749.9      750    668.62  + 1316.44  
2026-07-22  XSP      749.9      750    127.21  +  254.42  
2026-07-22  SPX    7498.96     7497   1224.79  + 2449.58  
2026-07-22  XSP      749.9      750    624.83  + 1228.86  
2026-07-22  SPX    7498.96     7497   6269.48  +12146.96  
----------  ----  --------  -------  --------  ---------  -------
TOTAL across settled rows: NaN

(Note: SPX rows are 10x-sized reference-only; exclude from the $5k-account tally if desired.)
